../../Middlewares/ST/touchgfx/framework/include/touchgfx/Screen.hpp:104:18:virtual void touchgfx::Screen::afterTransition()	0	static
../../Middlewares/ST/touchgfx/framework/include/touchgfx/Screen.hpp:154:18:virtual void touchgfx::Screen::handleKeyEvent(uint8_t)	0	static
E:/TouchGFX/Tetris/TouchGFX/gui/src/screen2_screen/Screen2View.cpp:131:6:virtual void Screen2View::tearDownScreen()	0	static
E:/TouchGFX/Tetris/TouchGFX/gui/src/screen2_screen/Screen2View.cpp:407:6:virtual void Screen2View::handleTickEvent()	0	static
../../TouchGFX/gui/include/gui/screen2_screen/Screen2View.hpp:51:13:Screen2View::~Screen2View()	8	static
../../TouchGFX/gui/include/gui/screen2_screen/Screen2View.hpp:51:13:virtual Screen2View::~Screen2View()	8	static
E:/TouchGFX/Tetris/TouchGFX/gui/src/screen2_screen/Screen2View.cpp:48:1:Screen2View::Screen2View()	16	static
E:/TouchGFX/Tetris/TouchGFX/gui/src/screen2_screen/Screen2View.cpp:136:6:void Screen2View::drawPiece(int)	32	static
E:/TouchGFX/Tetris/TouchGFX/gui/src/screen2_screen/Screen2View.cpp:159:6:bool Screen2View::checkCollision(int, int, int)	20	static
E:/TouchGFX/Tetris/TouchGFX/gui/src/screen2_screen/Screen2View.cpp:172:6:void Screen2View::attachBlock(int)	40	static
E:/TouchGFX/Tetris/TouchGFX/gui/src/screen2_screen/Screen2View.cpp:196:6:void Screen2View::clearPiece(int)	24	static
E:/TouchGFX/Tetris/TouchGFX/gui/src/screen2_screen/Screen2View.cpp:215:6:void Screen2View::rotatePiece(int)	24	static
E:/TouchGFX/Tetris/TouchGFX/gui/src/screen2_screen/Screen2View.cpp:256:6:void Screen2View::spawnNewBlock()	16	static
E:/TouchGFX/Tetris/TouchGFX/gui/src/screen2_screen/Screen2View.cpp:265:6:bool Screen2View::checkBlockRight(int, int)	0	static
E:/TouchGFX/Tetris/TouchGFX/gui/src/screen2_screen/Screen2View.cpp:276:6:bool Screen2View::checkBlockLeft(int, int)	0	static
E:/TouchGFX/Tetris/TouchGFX/gui/src/screen2_screen/Screen2View.cpp:307:6:void Screen2View::clearLine(int)	24	static
E:/TouchGFX/Tetris/TouchGFX/gui/src/screen2_screen/Screen2View.cpp:332:5:int Screen2View::checkLose()	0	static
E:/TouchGFX/Tetris/TouchGFX/gui/src/screen2_screen/Screen2View.cpp:53:6:virtual void Screen2View::setupScreen()	24	static
E:/TouchGFX/Tetris/TouchGFX/gui/src/screen2_screen/Screen2View.cpp:287:6:void Screen2View::checkFullLines()	32	static
E:/TouchGFX/Tetris/TouchGFX/gui/src/screen2_screen/Screen2View.cpp:341:6:virtual void Screen2View::tick()	48	static
