../../Middlewares/ST/touchgfx/framework/include/touchgfx/Screen.hpp:104:18:virtual void touchgfx::Screen::afterTransition()	0	static
../../Middlewares/ST/touchgfx/framework/include/touchgfx/Screen.hpp:154:18:virtual void touchgfx::Screen::handleKeyEvent(uint8_t)	0	static
E:/TouchGFX/Tetris/TouchGFX/gui/src/screen2_screen/Screen2View.cpp:136:6:virtual void Screen2View::tearDownScreen()	0	static
E:/TouchGFX/Tetris/TouchGFX/gui/src/screen2_screen/Screen2View.cpp:414:6:virtual void Screen2View::handleTickEvent()	0	static
../../TouchGFX/gui/include/gui/screen2_screen/Screen2View.hpp:51:13:Screen2View::~Screen2View()	8	static
../../TouchGFX/gui/include/gui/screen2_screen/Screen2View.hpp:51:13:virtual Screen2View::~Screen2View()	8	static
E:/TouchGFX/Tetris/TouchGFX/gui/src/screen2_screen/Screen2View.cpp:49:1:Screen2View::Screen2View()	16	static
E:/TouchGFX/Tetris/TouchGFX/gui/src/screen2_screen/Screen2View.cpp:141:6:void Screen2View::drawPiece(int)	32	static
E:/TouchGFX/Tetris/TouchGFX/gui/src/screen2_screen/Screen2View.cpp:164:6:bool Screen2View::checkCollision(int, int, int)	20	static
E:/TouchGFX/Tetris/TouchGFX/gui/src/screen2_screen/Screen2View.cpp:177:6:void Screen2View::attachBlock(int)	40	static
E:/TouchGFX/Tetris/TouchGFX/gui/src/screen2_screen/Screen2View.cpp:201:6:void Screen2View::clearPiece(int)	24	static
E:/TouchGFX/Tetris/TouchGFX/gui/src/screen2_screen/Screen2View.cpp:220:6:void Screen2View::rotatePiece(int)	24	static
E:/TouchGFX/Tetris/TouchGFX/gui/src/screen2_screen/Screen2View.cpp:261:6:void Screen2View::spawnNewBlock()	16	static
E:/TouchGFX/Tetris/TouchGFX/gui/src/screen2_screen/Screen2View.cpp:270:6:bool Screen2View::checkBlockRight(int, int)	0	static
E:/TouchGFX/Tetris/TouchGFX/gui/src/screen2_screen/Screen2View.cpp:281:6:bool Screen2View::checkBlockLeft(int, int)	0	static
E:/TouchGFX/Tetris/TouchGFX/gui/src/screen2_screen/Screen2View.cpp:312:6:void Screen2View::clearLine(int)	24	static
E:/TouchGFX/Tetris/TouchGFX/gui/src/screen2_screen/Screen2View.cpp:337:5:int Screen2View::checkLose()	0	static
E:/TouchGFX/Tetris/TouchGFX/gui/src/screen2_screen/Screen2View.cpp:54:6:virtual void Screen2View::setupScreen()	24	static
E:/TouchGFX/Tetris/TouchGFX/gui/src/screen2_screen/Screen2View.cpp:292:6:void Screen2View::checkFullLines()	32	static
E:/TouchGFX/Tetris/TouchGFX/gui/src/screen2_screen/Screen2View.cpp:346:6:virtual void Screen2View::tick()	48	static
